
2026-06-07 04:00:44,306 [INFO] root: Logging system initialized.
2026-06-07 04:00:44,409 [CRITICAL] GlobalDatabaseManager: DATABASE_URL no encontrada.
2026-06-07 04:05:48,523 [INFO] root: Logging system initialized.
2026-06-07 04:05:48,764 [CRITICAL] GlobalDatabaseManager: Error inicializando el pool de la DB global: could not translate host name "postgres.railway.internal" to address: Name or service not known

2026-06-07 04:08:04,963 [INFO] root: Logging system initialized.
2026-06-07 04:08:06,486 [INFO] GlobalDatabaseManager: Global Database Pool inicializado.
2026-06-07 04:08:09,114 [INFO] GlobalDatabaseManager: Global Database initialized successfully in schema 'public'.
2026-06-07 04:08:10,536 [INFO] DatabaseManager: PostgreSQL Pool inicializado para el esquema: public
2026-06-07 04:08:45,572 [INFO] root: "GET / HTTP/1.1" 200 -
2026-06-07 04:08:45,704 [INFO] root: "GET /app.js HTTP/1.1" 200 -
2026-06-07 04:08:45,897 [INFO] root: code 404, message Endpoint o archivo no encontrado
2026-06-07 04:08:45,897 [INFO] root: "GET /favicon.ico HTTP/1.1" 404 -
2026-06-07 04:08:56,353 [INFO] CommandDispatcher: Executing command: auth.register_owner | User Role: empleado
2026-06-07 04:08:57,849 [INFO] CommandDispatcher: Executing command: auth.register_owner | User Role: empleado
2026-06-07 04:08:58,512 [INFO] CommandDispatcher: Executing command: auth.register_owner | User Role: empleado
2026-06-07 04:08:58,625 [INFO] CommandDispatcher: Executing command: auth.register_owner | User Role: empleado
2026-06-07 04:08:58,817 [INFO] CommandDispatcher: Executing command: auth.register_owner | User Role: empleado
2026-06-07 04:08:59,254 [INFO] DatabaseManager: PostgreSQL Pool inicializado para el esquema: schema_ef67fe6a
2026-06-07 04:09:02,179 [INFO] DatabaseManager: PostgreSQL DB initialized for schema: schema_ef67fe6a
2026-06-07 04:09:04,664 [INFO] DatabaseManager: PostgreSQL Pool inicializado para el esquema: schema_adf51b65
2026-06-07 04:09:04,986 [INFO] root: "POST / HTTP/1.1" 400 -
2026-06-07 04:09:06,314 [INFO] AuthService: Nuevo dueño creado: asd para negocio asd (Schema: schema_ef67fe6a)
2026-06-07 04:09:06,345 [INFO] root: "POST / HTTP/1.1" 200 -
2026-06-07 04:09:07,560 [INFO] DatabaseManager: PostgreSQL DB initialized for schema: schema_adf51b65
2026-06-07 04:09:07,747 [INFO] DatabaseManager: PostgreSQL Pool inicializado para el esquema: schema_0d9ed28d
2026-06-07 04:09:08,028 [ERROR] GlobalDatabaseManager: Global execute error: duplicate key value violates unique constraint "users_username_key"
DETAIL:  Key (username)=(asd) already exists.

2026-06-07 04:09:08,030 [INFO] AuthService: Nuevo dueño creado: asd para negocio asd (Schema: schema_adf51b65)
2026-06-07 04:09:08,060 [INFO] root: "POST / HTTP/1.1" 200 -
2026-06-07 04:09:08,196 [INFO] DatabaseManager: PostgreSQL Pool inicializado para el esquema: schema_76c13fcd
2026-06-07 04:09:08,437 [INFO] DatabaseManager: PostgreSQL Pool inicializado para el esquema: schema_72cdba53
2026-06-07 04:09:10,607 [INFO] DatabaseManager: PostgreSQL DB initialized for schema: schema_0d9ed28d
2026-06-07 04:09:11,007 [INFO] DatabaseManager: PostgreSQL DB initialized for schema: schema_76c13fcd
2026-06-07 04:09:11,229 [INFO] DatabaseManager: PostgreSQL DB initialized for schema: schema_72cdba53
2026-06-07 04:09:12,615 [ERROR] GlobalDatabaseManager: Global execute error: duplicate key value violates unique constraint "users_username_key"
DETAIL:  Key (username)=(asd) already exists.

2026-06-07 04:09:12,616 [INFO] AuthService: Nuevo dueño creado: asd para negocio asd (Schema: schema_0d9ed28d)
2026-06-07 04:09:12,635 [INFO] root: "POST / HTTP/1.1" 200 -
2026-06-07 04:09:14,046 [ERROR] GlobalDatabaseManager: Global execute error: duplicate key value violates unique constraint "users_username_key"
DETAIL:  Key (username)=(asd) already exists.

2026-06-07 04:09:14,048 [INFO] AuthService: Nuevo dueño creado: asd para negocio asd (Schema: schema_76c13fcd)
2026-06-07 04:09:14,066 [INFO] root: "POST / HTTP/1.1" 200 -
2026-06-07 04:09:15,455 [ERROR] GlobalDatabaseManager: Global execute error: duplicate key value violates unique constraint "users_username_key"
DETAIL:  Key (username)=(asd) already exists.

2026-06-07 04:09:15,456 [INFO] AuthService: Nuevo dueño creado: asd para negocio asd (Schema: schema_72cdba53)
2026-06-07 04:09:15,476 [INFO] root: "POST / HTTP/1.1" 200 -
2026-06-07 04:09:56,528 [INFO] root: "POST / HTTP/1.1" 400 -
2026-06-07 04:10:50,255 [INFO] root: "GET / HTTP/1.1" 200 -
2026-06-07 04:10:50,575 [INFO] root: "GET /app.js HTTP/1.1" 200 -
2026-06-07 04:10:57,454 [INFO] root: "POST / HTTP/1.1" 400 -
2026-06-07 04:12:05,247 [INFO] root: Logging system initialized.
2026-06-07 04:12:06,708 [INFO] GlobalDatabaseManager: Global Database Pool inicializado.
2026-06-07 04:12:09,343 [INFO] GlobalDatabaseManager: Global Database initialized successfully in schema 'public'.
2026-06-07 04:12:10,804 [INFO] DatabaseManager: PostgreSQL Pool inicializado para el esquema: public
2026-06-07 04:12:29,279 [INFO] root: "GET / HTTP/1.1" 200 -
2026-06-07 04:12:29,529 [INFO] root: "GET /app.js HTTP/1.1" 200 -
2026-06-07 04:12:36,126 [INFO] root: "POST / HTTP/1.1" 400 -
2026-06-07 04:13:40,379 [INFO] root: Logging system initialized.
2026-06-07 04:13:41,845 [INFO] GlobalDatabaseManager: Global Database Pool inicializado.
2026-06-07 04:13:44,446 [INFO] GlobalDatabaseManager: Global Database initialized successfully in schema 'public'.
2026-06-07 04:13:45,937 [INFO] DatabaseManager: PostgreSQL Pool inicializado para el esquema: public
2026-06-07 04:14:03,480 [INFO] root: "GET / HTTP/1.1" 200 -
2026-06-07 04:14:03,731 [INFO] root: "GET /app.js HTTP/1.1" 200 -
2026-06-07 04:14:09,554 [INFO] root: "GET / HTTP/1.1" 200 -
2026-06-07 04:14:09,872 [INFO] root: "GET /app.js HTTP/1.1" 200 -
2026-06-07 04:14:16,693 [INFO] root: "POST / HTTP/1.1" 400 -
2026-06-07 04:14:45,328 [INFO] root: code 404, message Endpoint o archivo no encontrado
2026-06-07 04:14:45,329 [INFO] root: "GET /.well-known/appspecific/com.chrome.devtools.json HTTP/1.1" 404 -
2026-06-07 04:22:22,453 [INFO] root: "GET / HTTP/1.1" 200 -
2026-06-07 04:22:22,739 [INFO] root: "GET /app.js HTTP/1.1" 200 -
2026-06-07 04:22:22,847 [INFO] root: code 404, message Endpoint o archivo no encontrado
2026-06-07 04:22:22,848 [INFO] root: "GET /.well-known/appspecific/com.chrome.devtools.json HTTP/1.1" 404 -
2026-06-07 04:22:31,289 [INFO] root: "POST / HTTP/1.1" 400 -
2026-06-07 04:23:32,935 [INFO] CommandDispatcher: Executing command: auth.register_owner | User Role: empleado
2026-06-07 04:23:37,387 [INFO] DatabaseManager: PostgreSQL Pool inicializado para el esquema: schema_2b118795
2026-06-07 04:23:40,382 [INFO] DatabaseManager: PostgreSQL DB initialized for schema: schema_2b118795
2026-06-07 04:23:41,118 [INFO] AuthService: Nuevo dueño creado: curltester para negocio CurlTestBiz (Schema: schema_2b118795)
2026-06-07 04:23:41,137 [INFO] root: "POST / HTTP/1.1" 200 -
2026-06-07 04:24:59,092 [INFO] CommandDispatcher: Executing command: auth.login | User Role: empleado
2026-06-07 04:25:01,293 [INFO] AuthService: Usuario curltester logueado. Sesión persistida.
2026-06-07 04:25:01,311 [INFO] root: "POST / HTTP/1.1" 200 -
2026-06-07 04:27:30,893 [INFO] CommandDispatcher: Executing command: auth.login | User Role: empleado
2026-06-07 04:27:32,380 [INFO] root: "POST / HTTP/1.1" 401 -
2026-06-07 04:27:33,433 [INFO] CommandDispatcher: Executing command: auth.register_owner | User Role: empleado
2026-06-07 04:27:36,387 [INFO] DatabaseManager: PostgreSQL Pool inicializado para el esquema: schema_a12b811c
2026-06-07 04:27:39,345 [INFO] DatabaseManager: PostgreSQL DB initialized for schema: schema_a12b811c
2026-06-07 04:27:40,082 [INFO] AuthService: Nuevo dueño creado: testuser para negocio TestBiz (Schema: schema_a12b811c)
2026-06-07 04:27:40,098 [INFO] root: "POST / HTTP/1.1" 200 -
2026-06-07 04:28:13,350 [INFO] root: "POST / HTTP/1.1" 400 -
2026-06-07 04:28:19,299 [INFO] CommandDispatcher: Executing command: auth.register_owner | User Role: empleado
2026-06-07 04:28:20,030 [WARNING] AuthService: Intento de crear usuario duplicado: asd
2026-06-07 04:28:20,048 [INFO] root: "POST / HTTP/1.1" 200 -
2026-06-07 04:28:32,643 [INFO] root: "GET / HTTP/1.1" 200 -
2026-06-07 04:28:32,899 [INFO] root: "GET /app.js HTTP/1.1" 200 -
2026-06-07 04:28:37,332 [INFO] CommandDispatcher: Executing command: auth.register_owner | User Role: empleado
2026-06-07 04:28:38,055 [WARNING] AuthService: Intento de crear usuario duplicado: asd
2026-06-07 04:28:38,072 [INFO] root: "POST / HTTP/1.1" 200 -
2026-06-07 04:28:44,456 [INFO] root: code 404, message Endpoint o archivo no encontrado
2026-06-07 04:28:44,457 [INFO] root: "GET /.well-known/appspecific/com.chrome.devtools.json HTTP/1.1" 404 -
